// Jest Snapshot v1, https://goo.gl/fbAQLP

exports[`Projects should render as expected 1`] = `
<div
  class="projects"
>
  
  Projects

</div>
`;
